T56A4 000:001.232   SEGGER J-Link V9.42 Log File
T56A4 000:001.361   DLL Compiled: May  6 2026 12:25:27
T56A4 000:001.367   Logging started @ 2026-09-26 04:29
T56A4 000:001.374   Process: C:\Users\jhoth\.eclipse\com.renesas.platform_1584587709\DebugComp\RA\e2-server-gdb.exe
T56A4 000:001.384 - 1.379ms 
T56A4 000:001.399 JLINK_GetDLLVersion()
T56A4 000:001.405 - 0.007ms returns 94200
T56A4 000:004.891 JLINK_OpenEx(...)
T56A4 000:014.600   Firmware: J-Link OB-RA4M2 compiled Dec 10 2025 15:52:53
T56A4 000:016.012   Firmware: J-Link OB-RA4M2 compiled Dec 10 2025 15:52:53
T56A4 000:032.618   Hardware: V1.00
T56A4 000:032.663   S/N: 1085991538
T56A4 000:032.676   OEM: SEGGER
T56A4 000:032.696   Feature(s): None
T56A4 000:035.165   Bootloader: 2021 May 14
T56A4 000:039.216   USB speed mode: Full speed (12 MBit/s)
T56A4 000:039.842   TELNET listener socket opened on port 19021
T56A4 000:040.102   WEBSRV WEBSRV_Init(): Starting webserver thread(s)
T56A4 000:040.355   WEBSRV Webserver running on local port 19080
T56A4 000:040.605   Looking for J-Link GUI Server exe at: C:\Users\jhoth\.eclipse\com.renesas.platform_1584587709\DebugComp\RA\ARM\Segger_v9.42.0\JLinkGUIServer.exe
T56A4 000:040.761   Looking for J-Link GUI Server exe at: C:\Program Files\SEGGER\JLink_V950\JLinkGUIServer.exe
T56A4 000:040.823   Forking J-Link GUI Server: C:\Program Files\SEGGER\JLink_V950\JLinkGUIServer.exe
T56A4 000:068.372   J-Link GUI Server info: "J-Link GUI server V9.50 "
T56A4 000:068.920 - 64.024ms returns "O.K."
T56A4 000:069.018 JLINK_TIF_Select(JLINKARM_TIF_SWD)
T56A4 000:069.799 - 0.782ms returns 0x00
T56A4 000:069.859 JLINK_ClrRESET()
T56A4 000:070.248 - 0.399ms 
T56A4 000:122.980 JLINK_SetSpeed(1500)
T56A4 000:123.472 - 0.522ms 
T56A4 000:123.603 JLINK_CORESIGHT_Configure(PerformTIFInit=0)
T56A4 000:124.385 - 0.788ms returns 0
T56A4 000:124.485 JLINK_CORESIGHT_ReadAPDPReg(DP reg 0x00)
T56A4 000:125.324   Value=0x6BA02477
T56A4 000:125.403 - 0.923ms returns 0
T56A4 000:125.443 JLINK_CORESIGHT_WriteAPDPReg(DP reg 0x00, 0x0000001F)
T56A4 000:125.863 - 0.419ms returns 0
T56A4 000:125.925 JLINK_CORESIGHT_ReadAPDPReg(DP reg 0x00)
T56A4 000:126.502   Value=0x6BA02477
T56A4 000:126.558 - 0.633ms returns 0
T56A4 000:126.589 JLINK_CORESIGHT_WriteAPDPReg(DP reg 0x02, 0x00000000)
T56A4 000:127.012 - 0.422ms returns 0
T56A4 000:127.071 JLINK_CORESIGHT_WriteAPDPReg(DP reg 0x01, 0x50000000)
T56A4 000:127.566 - 0.494ms returns 0
T56A4 000:127.634 JLINK_CORESIGHT_ReadAPDPReg(DP reg 0x01)
T56A4 000:127.978   Value=0xF0000000
T56A4 000:128.025 - 0.391ms returns 0
T56A4 000:128.053 JLINK_CORESIGHT_WriteAPDPReg(DP reg 0x00, 0x0000001F)
T56A4 000:128.398 - 0.343ms returns 0
T56A4 000:128.463 JLINK_CORESIGHT_ReadAPDPReg(DP reg 0x00)
T56A4 000:128.833   Value=0x6BA02477
T56A4 000:128.903 - 0.440ms returns 0
T56A4 000:128.926 JLINK_CORESIGHT_WriteAPDPReg(DP reg 0x01, 0x54000000)
T56A4 000:129.418 - 0.491ms returns 0
T56A4 000:129.471 JLINK_CORESIGHT_WriteAPDPReg(DP reg 0x01, 0x50000F00)
T56A4 000:129.811 - 0.340ms returns 0
T56A4 000:129.859 JLINK_CORESIGHT_WriteAPDPReg(DP reg 0x02, 0x01000000)
T56A4 000:130.274 - 0.415ms returns 0
T56A4 000:130.329 JLINK_CORESIGHT_WriteAPDPReg(AP reg 0x00, 0x80000002)
T56A4 000:130.686 - 0.356ms returns 0
T56A4 000:130.737 JLINK_CORESIGHT_WriteAPDPReg(AP reg 0x01, 0x80011100)
T56A4 000:131.322 - 0.584ms returns 0
T56A4 000:131.372 JLINK_CORESIGHT_WriteAPDPReg(AP reg 0x03, 0x000000A5)
T56A4 000:132.044 - 0.670ms returns 0
T56A4 000:132.111 JLINK_CORESIGHT_WriteAPDPReg(AP reg 0x00, 0x80000002)
T56A4 000:132.601 - 0.489ms returns 0
T56A4 000:132.661 JLINK_CORESIGHT_WriteAPDPReg(AP reg 0x01, 0x80011100)
T56A4 000:133.016 - 0.355ms returns 0
T56A4 000:133.183 JLINK_CORESIGHT_ReadAPDPReg(AP reg 0x03)
T56A4 000:133.715   Value=0x000000A5
T56A4 000:133.768 - 0.585ms returns 0
T56A4 000:133.792 JLINK_ClrTMS()
T56A4 000:134.304 - 0.510ms 
T56A4 000:139.944 JLINK_SetTCK()
T56A4 000:140.365 - 0.418ms returns 0
T56A4 000:146.336 JLINK_SetRESET()
T56A4 000:146.791 - 0.453ms 
T56A4 000:347.706 JLINK_CORESIGHT_WriteAPDPReg(AP reg 0x00, 0x80000002)
T56A4 000:348.465 - 0.758ms returns 0
T56A4 000:348.547 JLINK_CORESIGHT_WriteAPDPReg(AP reg 0x01, 0x80011100)
T56A4 000:348.884 - 0.337ms returns 0
T56A4 000:348.941 JLINK_CORESIGHT_ReadAPDPReg(AP reg 0x03)
T56A4 000:349.512   Value=0x00000000
T56A4 000:349.608 - 0.667ms returns 0
T56A4 000:349.651 JLINK_CORESIGHT_WriteAPDPReg(AP reg 0x00, 0x80000002)
T56A4 000:350.162 - 0.509ms returns 0
T56A4 000:350.260 JLINK_CORESIGHT_WriteAPDPReg(AP reg 0x01, 0x80011140)
T56A4 000:350.683 - 0.423ms returns 0
T56A4 000:350.752 JLINK_CORESIGHT_ReadAPDPReg(AP reg 0x03)
T56A4 000:351.211   Value=0x00000002
T56A4 000:351.307 - 0.554ms returns 0
T56A4 000:351.421 JLINK_CORESIGHT_WriteAPDPReg(AP reg 0x00, 0x80000002)
T56A4 000:351.855 - 0.434ms returns 0
T56A4 000:351.927 JLINK_CORESIGHT_WriteAPDPReg(AP reg 0x01, 0x80011120)
T56A4 000:352.416 - 0.488ms returns 0
T56A4 000:352.512 JLINK_CORESIGHT_WriteAPDPReg(AP reg 0x03, 0x00000055)
T56A4 000:353.028 - 0.515ms returns 0
T56A4 000:353.128 JLINK_CORESIGHT_WriteAPDPReg(AP reg 0x00, 0x80000002)
T56A4 000:353.573 - 0.444ms returns 0
T56A4 000:353.655 JLINK_CORESIGHT_WriteAPDPReg(AP reg 0x01, 0x80011140)
T56A4 000:354.121 - 0.467ms returns 0
T56A4 000:354.187 JLINK_CORESIGHT_ReadAPDPReg(AP reg 0x03)
T56A4 000:354.656   Value=0x00000002
T56A4 000:354.717 - 0.531ms returns 0
T56A4 000:354.757 JLINK_CORESIGHT_ReadAPDPReg(AP reg 0x03)
T56A4 000:358.582   Value=0x00000002
T56A4 000:358.640 - 3.882ms returns 0
T56A4 000:358.667 JLINK_CORESIGHT_ReadAPDPReg(AP reg 0x03)
T56A4 000:359.064   Value=0x00000002
T56A4 000:359.122 - 0.454ms returns 0
T56A4 000:359.150 JLINK_CORESIGHT_ReadAPDPReg(AP reg 0x03)
T56A4 000:359.596   Value=0x00000002
T56A4 000:359.665 - 0.515ms returns 0
T56A4 000:360.810 JLINK_CORESIGHT_ReadAPDPReg(AP reg 0x03)
T56A4 000:361.456   Value=0x00000002
T56A4 000:361.562 - 0.750ms returns 0
T56A4 000:361.592 JLINK_CORESIGHT_ReadAPDPReg(AP reg 0x03)
T56A4 000:362.008   Value=0x00000002
T56A4 000:362.050 - 0.458ms returns 0
T56A4 000:362.076 JLINK_CORESIGHT_ReadAPDPReg(AP reg 0x03)
T56A4 000:362.550   Value=0x00000002
T56A4 000:362.647 - 0.571ms returns 0
T56A4 000:362.673 JLINK_CORESIGHT_ReadAPDPReg(AP reg 0x03)
T56A4 000:363.037   Value=0x00000002
T56A4 000:363.074 - 0.400ms returns 0
T56A4 000:363.097 JLINK_CORESIGHT_ReadAPDPReg(AP reg 0x03)
T56A4 000:363.617   Value=0x00000002
T56A4 000:363.659 - 0.562ms returns 0
T56A4 000:363.679 JLINK_CORESIGHT_ReadAPDPReg(AP reg 0x03)
T56A4 000:364.003   Value=0x00000002
T56A4 000:364.049 - 0.369ms returns 0
T56A4 000:364.069 JLINK_CORESIGHT_ReadAPDPReg(AP reg 0x03)
T56A4 000:364.400   Value=0x00000002
T56A4 000:364.445 - 0.376ms returns 0
T56A4 000:364.466 JLINK_CORESIGHT_ReadAPDPReg(AP reg 0x03)
T56A4 000:364.792   Value=0x00000000
T56A4 000:364.837 - 0.371ms returns 0
T56A4 000:364.859 JLINK_CORESIGHT_WriteAPDPReg(AP reg 0x00, 0x80000002)
T56A4 000:365.206 - 0.346ms returns 0
T56A4 000:365.252 JLINK_CORESIGHT_WriteAPDPReg(AP reg 0x01, 0x80011130)
T56A4 000:365.582 - 0.329ms returns 0
T56A4 000:365.636 JLINK_CORESIGHT_ReadAPDPReg(AP reg 0x03)
T56A4 000:365.983   Value=0x000000C6
T56A4 000:366.032 - 0.396ms returns 0
T56A4 000:366.079 JLINK_CORESIGHT_WriteAPDPReg(AP reg 0x00, 0x80000002)
T56A4 000:366.473 - 0.394ms returns 0
T56A4 000:366.523 JLINK_CORESIGHT_WriteAPDPReg(AP reg 0x01, 0x80011140)
T56A4 000:366.878 - 0.354ms returns 0
T56A4 000:366.938 JLINK_CORESIGHT_ReadAPDPReg(AP reg 0x03)
T56A4 000:367.409   Value=0x00000002
T56A4 000:367.477 - 0.539ms returns 0
T56A4 000:367.503 JLINK_CORESIGHT_WriteAPDPReg(AP reg 0x00, 0x80000002)
T56A4 000:367.872 - 0.368ms returns 0
T56A4 000:367.936 JLINK_CORESIGHT_WriteAPDPReg(AP reg 0x01, 0x80011120)
T56A4 000:368.306 - 0.370ms returns 0
T56A4 000:368.371 JLINK_CORESIGHT_WriteAPDPReg(AP reg 0x03, 0x3A010001)
T56A4 000:368.771 - 0.398ms returns 0
T56A4 000:368.843 JLINK_CORESIGHT_WriteAPDPReg(AP reg 0x00, 0x80000002)
T56A4 000:369.227 - 0.384ms returns 0
T56A4 000:369.297 JLINK_CORESIGHT_WriteAPDPReg(AP reg 0x01, 0x80011140)
T56A4 000:369.638 - 0.341ms returns 0
T56A4 000:369.681 JLINK_CORESIGHT_ReadAPDPReg(AP reg 0x03)
T56A4 000:370.033   Value=0x00000002
T56A4 000:370.100 - 0.417ms returns 0
T56A4 000:370.130 JLINK_CORESIGHT_WriteAPDPReg(AP reg 0x00, 0x80000002)
T56A4 000:370.519 - 0.388ms returns 0
T56A4 000:370.590 JLINK_CORESIGHT_WriteAPDPReg(AP reg 0x01, 0x80011120)
T56A4 000:371.050 - 0.459ms returns 0
T56A4 000:371.121 JLINK_CORESIGHT_WriteAPDPReg(AP reg 0x03, 0x000003C5)
T56A4 000:371.514 - 0.392ms returns 0
T56A4 000:371.586 JLINK_CORESIGHT_WriteAPDPReg(AP reg 0x00, 0x80000002)
T56A4 000:372.428 - 0.841ms returns 0
T56A4 000:372.595 JLINK_CORESIGHT_WriteAPDPReg(AP reg 0x01, 0x80011140)
T56A4 000:373.181 - 0.585ms returns 0
T56A4 000:373.241 JLINK_CORESIGHT_ReadAPDPReg(AP reg 0x03)
T56A4 000:373.836   Value=0x00000002
T56A4 000:373.888 - 0.646ms returns 0
T56A4 000:373.913 JLINK_CORESIGHT_ReadAPDPReg(AP reg 0x03)
T56A4 000:374.295   Value=0x00000000
T56A4 000:374.347 - 0.434ms returns 0
T56A4 000:374.373 JLINK_CORESIGHT_WriteAPDPReg(AP reg 0x00, 0x80000002)
T56A4 000:374.791 - 0.417ms returns 0
T56A4 000:374.849 JLINK_CORESIGHT_WriteAPDPReg(AP reg 0x01, 0x80011130)
T56A4 000:375.235 - 0.386ms returns 0
T56A4 000:375.288 JLINK_CORESIGHT_ReadAPDPReg(AP reg 0x03)
T56A4 000:375.796   Value=0x3A2A0081
T56A4 000:375.844 - 0.556ms returns 0
T56A4 000:375.867 JLINK_CORESIGHT_WriteAPDPReg(AP reg 0x00, 0x80000002)
T56A4 000:376.236 - 0.368ms returns 0
T56A4 000:376.286 JLINK_CORESIGHT_WriteAPDPReg(AP reg 0x01, 0x80011140)
T56A4 000:376.703 - 0.417ms returns 0
T56A4 000:376.759 JLINK_CORESIGHT_ReadAPDPReg(AP reg 0x03)
T56A4 000:377.121   Value=0x00000000
T56A4 000:377.162 - 0.403ms returns 0
T56A4 000:377.187 JLINK_CORESIGHT_WriteAPDPReg(AP reg 0x00, 0x80000002)
T56A4 000:377.484 - 0.296ms returns 0
T56A4 000:377.538 JLINK_CORESIGHT_WriteAPDPReg(AP reg 0x01, 0x80011130)
T56A4 000:377.860 - 0.321ms returns 0
T56A4 000:377.909 JLINK_CORESIGHT_ReadAPDPReg(AP reg 0x03)
T56A4 000:378.246   Value=0x808D5B00
T56A4 000:378.290 - 0.380ms returns 0
T56A4 000:378.311 JLINK_CORESIGHT_WriteAPDPReg(AP reg 0x00, 0x80000002)
T56A4 000:378.686 - 0.374ms returns 0
T56A4 000:378.736 JLINK_CORESIGHT_WriteAPDPReg(AP reg 0x01, 0x80011140)
T56A4 000:379.065 - 0.328ms returns 0
T56A4 000:379.115 JLINK_CORESIGHT_ReadAPDPReg(AP reg 0x03)
T56A4 000:379.456   Value=0x00000000
T56A4 000:379.500 - 0.384ms returns 0
T56A4 000:379.522 JLINK_CORESIGHT_WriteAPDPReg(AP reg 0x00, 0x80000002)
T56A4 000:379.862 - 0.338ms returns 0
T56A4 000:379.908 JLINK_CORESIGHT_WriteAPDPReg(AP reg 0x01, 0x80011130)
T56A4 000:380.204 - 0.295ms returns 0
T56A4 000:380.250 JLINK_CORESIGHT_ReadAPDPReg(AP reg 0x03)
T56A4 000:380.578   Value=0x0406070A
T56A4 000:380.619 - 0.368ms returns 0
T56A4 000:380.776 JLINK_CORESIGHT_WriteAPDPReg(AP reg 0x00, 0x80000002)
T56A4 000:381.081 - 0.305ms returns 0
T56A4 000:381.127 JLINK_CORESIGHT_WriteAPDPReg(AP reg 0x01, 0x80011140)
T56A4 000:381.433 - 0.305ms returns 0
T56A4 000:381.480 JLINK_CORESIGHT_ReadAPDPReg(AP reg 0x03)
T56A4 000:381.943   Value=0x00000000
T56A4 000:381.981 - 0.501ms returns 0
T56A4 000:382.001 JLINK_CORESIGHT_WriteAPDPReg(AP reg 0x00, 0x80000002)
T56A4 000:382.364 - 0.362ms returns 0
T56A4 000:382.408 JLINK_CORESIGHT_WriteAPDPReg(AP reg 0x01, 0x80011130)
T56A4 000:382.744 - 0.336ms returns 0
T56A4 000:382.786 JLINK_CORESIGHT_ReadAPDPReg(AP reg 0x03)
T56A4 000:383.124   Value=0x3254540B
T56A4 000:383.166 - 0.380ms returns 0
T56A4 000:383.185 JLINK_CORESIGHT_WriteAPDPReg(AP reg 0x00, 0x80000002)
T56A4 000:383.485 - 0.300ms returns 0
T56A4 000:383.529 JLINK_CORESIGHT_WriteAPDPReg(AP reg 0x01, 0x80011140)
T56A4 000:383.840 - 0.311ms returns 0
T56A4 000:383.884 JLINK_CORESIGHT_ReadAPDPReg(AP reg 0x03)
T56A4 000:384.340   Value=0x00000000
T56A4 000:384.378 - 0.493ms returns 0
T56A4 000:384.398 JLINK_CORESIGHT_WriteAPDPReg(AP reg 0x00, 0x80000002)
T56A4 000:384.714 - 0.315ms returns 0
T56A4 000:384.754 JLINK_CORESIGHT_WriteAPDPReg(AP reg 0x01, 0x80011130)
T56A4 000:385.057 - 0.302ms returns 0
T56A4 000:385.097 JLINK_CORESIGHT_ReadAPDPReg(AP reg 0x03)
T56A4 000:385.452   Value=0x5429C159
T56A4 000:385.492 - 0.395ms returns 0
T56A4 000:385.526 JLINK_CORESIGHT_WriteAPDPReg(AP reg 0x00, 0x80000002)
T56A4 000:385.817 - 0.291ms returns 0
T56A4 000:385.870 JLINK_CORESIGHT_WriteAPDPReg(AP reg 0x01, 0x80011140)
T56A4 000:386.294 - 0.423ms returns 0
T56A4 000:386.347 JLINK_CORESIGHT_ReadAPDPReg(AP reg 0x03)
T56A4 000:386.684   Value=0x00000000
T56A4 000:386.718 - 0.370ms returns 0
T56A4 000:386.751 JLINK_CORESIGHT_WriteAPDPReg(AP reg 0x00, 0x80000002)
T56A4 000:387.039 - 0.288ms returns 0
T56A4 000:387.093 JLINK_CORESIGHT_WriteAPDPReg(AP reg 0x01, 0x80011130)
T56A4 000:387.375 - 0.281ms returns 0
T56A4 000:387.430 JLINK_CORESIGHT_ReadAPDPReg(AP reg 0x03)
T56A4 000:387.727   Value=0x34325736
T56A4 000:387.761 - 0.331ms returns 0
T56A4 000:387.792 JLINK_CORESIGHT_WriteAPDPReg(AP reg 0x00, 0x80000002)
T56A4 000:388.074 - 0.282ms returns 0
T56A4 000:388.125 JLINK_CORESIGHT_WriteAPDPReg(AP reg 0x01, 0x80011140)
T56A4 000:389.922 - 1.797ms returns 0
T56A4 000:390.599 JLINK_CORESIGHT_ReadAPDPReg(AP reg 0x03)
T56A4 000:392.838   Value=0x00000000
T56A4 000:392.900 - 2.301ms returns 0
T56A4 000:392.936 JLINK_CORESIGHT_WriteAPDPReg(AP reg 0x00, 0x80000002)
T56A4 000:393.221 - 0.284ms returns 0
T56A4 000:393.252 JLINK_CORESIGHT_WriteAPDPReg(AP reg 0x01, 0x80011130)
T56A4 000:393.682 - 0.429ms returns 0
T56A4 000:393.717 JLINK_CORESIGHT_ReadAPDPReg(AP reg 0x03)
T56A4 000:394.026   Value=0x970A2D30
T56A4 000:394.058 - 0.341ms returns 0
T56A4 000:394.074 JLINK_CORESIGHT_WriteAPDPReg(AP reg 0x00, 0x80000002)
T56A4 000:394.345 - 0.271ms returns 0
T56A4 000:394.382 JLINK_CORESIGHT_WriteAPDPReg(AP reg 0x01, 0x80011140)
T56A4 000:394.679 - 0.297ms returns 0
T56A4 000:394.716 JLINK_CORESIGHT_ReadAPDPReg(AP reg 0x03)
T56A4 000:395.128   Value=0x00000000
T56A4 000:395.161 - 0.444ms returns 0
T56A4 000:395.178 JLINK_CORESIGHT_WriteAPDPReg(AP reg 0x00, 0x80000002)
T56A4 000:395.460 - 0.282ms returns 0
T56A4 000:395.497 JLINK_CORESIGHT_WriteAPDPReg(AP reg 0x01, 0x80011130)
T56A4 000:395.821 - 0.324ms returns 0
T56A4 000:395.857 JLINK_CORESIGHT_ReadAPDPReg(AP reg 0x03)
T56A4 000:396.285   Value=0x4B375282
T56A4 000:396.318 - 0.460ms returns 0
T56A4 000:396.334 JLINK_CORESIGHT_WriteAPDPReg(AP reg 0x00, 0x80000002)
T56A4 000:397.801 - 1.467ms returns 0
T56A4 000:397.836 JLINK_CORESIGHT_WriteAPDPReg(AP reg 0x01, 0x80011140)
T56A4 000:398.120 - 0.284ms returns 0
T56A4 000:398.158 JLINK_CORESIGHT_ReadAPDPReg(AP reg 0x03)
T56A4 000:398.476   Value=0x00000000
T56A4 000:398.508 - 0.350ms returns 0
T56A4 000:398.525 JLINK_CORESIGHT_WriteAPDPReg(AP reg 0x00, 0x80000002)
T56A4 000:398.803 - 0.278ms returns 0
T56A4 000:398.840 JLINK_CORESIGHT_WriteAPDPReg(AP reg 0x01, 0x80011130)
T56A4 000:399.134 - 0.294ms returns 0
T56A4 000:399.170 JLINK_CORESIGHT_ReadAPDPReg(AP reg 0x03)
T56A4 000:399.624   Value=0x31503841
T56A4 000:399.657 - 0.487ms returns 0
T56A4 000:399.673 JLINK_CORESIGHT_WriteAPDPReg(AP reg 0x00, 0x80000002)
T56A4 000:399.958 - 0.284ms returns 0
T56A4 000:399.993 JLINK_CORESIGHT_WriteAPDPReg(AP reg 0x01, 0x80011140)
T56A4 000:400.341 - 0.347ms returns 0
T56A4 000:400.377 JLINK_CORESIGHT_ReadAPDPReg(AP reg 0x03)
T56A4 000:400.688   Value=0x00000000
T56A4 000:400.719 - 0.341ms returns 0
T56A4 000:400.735 JLINK_CORESIGHT_WriteAPDPReg(AP reg 0x00, 0x80000002)
T56A4 000:401.005 - 0.269ms returns 0
T56A4 000:401.039 JLINK_CORESIGHT_WriteAPDPReg(AP reg 0x01, 0x80011130)
T56A4 000:401.382 - 0.342ms returns 0
T56A4 000:401.416 JLINK_CORESIGHT_ReadAPDPReg(AP reg 0x03)
T56A4 000:401.761   Value=0x434C464B
T56A4 000:401.794 - 0.378ms returns 0
T56A4 000:401.809 JLINK_CORESIGHT_WriteAPDPReg(AP reg 0x00, 0x80000002)
T56A4 000:402.077 - 0.267ms returns 0
T56A4 000:402.110 JLINK_CORESIGHT_WriteAPDPReg(AP reg 0x01, 0x80011140)
T56A4 000:402.434 - 0.323ms returns 0
T56A4 000:402.468 JLINK_CORESIGHT_ReadAPDPReg(AP reg 0x03)
T56A4 000:402.831   Value=0x00000000
T56A4 000:402.867 - 0.399ms returns 0
T56A4 000:402.883 JLINK_CORESIGHT_WriteAPDPReg(AP reg 0x00, 0x80000002)
T56A4 000:403.311 - 0.427ms returns 0
T56A4 000:403.343 JLINK_CORESIGHT_WriteAPDPReg(AP reg 0x01, 0x80011130)
T56A4 000:403.625 - 0.281ms returns 0
T56A4 000:403.658 JLINK_CORESIGHT_ReadAPDPReg(AP reg 0x03)
T56A4 000:404.109   Value=0x20204341
T56A4 000:404.138 - 0.480ms returns 0
T56A4 000:404.153 JLINK_CORESIGHT_WriteAPDPReg(AP reg 0x00, 0x80000002)
T56A4 000:404.460 - 0.306ms returns 0
T56A4 000:404.493 JLINK_CORESIGHT_WriteAPDPReg(AP reg 0x01, 0x80011140)
T56A4 000:404.808 - 0.314ms returns 0
T56A4 000:404.841 JLINK_CORESIGHT_ReadAPDPReg(AP reg 0x03)
T56A4 000:405.198   Value=0x00000000
T56A4 000:405.234 - 0.393ms returns 0
T56A4 000:405.253 JLINK_CORESIGHT_WriteAPDPReg(AP reg 0x00, 0x80000002)
T56A4 000:405.654 - 0.401ms returns 0
T56A4 000:405.685 JLINK_CORESIGHT_WriteAPDPReg(AP reg 0x01, 0x80011130)
T56A4 000:406.014 - 0.329ms returns 0
T56A4 000:406.047 JLINK_CORESIGHT_ReadAPDPReg(AP reg 0x03)
T56A4 000:406.356   Value=0x00035820
T56A4 000:406.386 - 0.338ms returns 0
T56A4 000:406.481 JLINK_CORESIGHT_WriteAPDPReg(AP reg 0x00, 0x80000002)
T56A4 000:406.816 - 0.334ms returns 0
T56A4 000:406.847 JLINK_CORESIGHT_WriteAPDPReg(AP reg 0x01, 0x80011140)
T56A4 000:407.127 - 0.279ms returns 0
T56A4 000:407.158 JLINK_CORESIGHT_ReadAPDPReg(AP reg 0x03)
T56A4 000:407.566   Value=0x00000002
T56A4 000:407.594 - 0.435ms returns 0
T56A4 000:407.609 JLINK_CORESIGHT_WriteAPDPReg(AP reg 0x00, 0x80000002)
T56A4 000:407.859 - 0.250ms returns 0
T56A4 000:407.891 JLINK_CORESIGHT_WriteAPDPReg(AP reg 0x01, 0x80011120)
T56A4 000:408.192 - 0.300ms returns 0
T56A4 000:408.214 JLINK_CORESIGHT_WriteAPDPReg(AP reg 0x03, 0x39020001)
T56A4 000:408.461 - 0.246ms returns 0
T56A4 000:408.485 JLINK_CORESIGHT_WriteAPDPReg(AP reg 0x00, 0x80000002)
T56A4 000:408.777 - 0.291ms returns 0
T56A4 000:408.802 JLINK_CORESIGHT_WriteAPDPReg(AP reg 0x01, 0x80011140)
T56A4 000:409.047 - 0.245ms returns 0
T56A4 000:409.073 JLINK_CORESIGHT_ReadAPDPReg(AP reg 0x03)
T56A4 000:409.386   Value=0x00000002
T56A4 000:409.433 - 0.360ms returns 0
T56A4 000:409.449 JLINK_CORESIGHT_WriteAPDPReg(AP reg 0x00, 0x80000002)
T56A4 000:409.714 - 0.264ms returns 0
T56A4 000:409.752 JLINK_CORESIGHT_WriteAPDPReg(AP reg 0x01, 0x80011120)
T56A4 000:410.156 - 0.405ms returns 0
T56A4 000:410.179 JLINK_CORESIGHT_WriteAPDPReg(AP reg 0x03, 0x0003B312)
T56A4 000:410.469 - 0.289ms returns 0
T56A4 000:410.545 JLINK_CORESIGHT_WriteAPDPReg(AP reg 0x00, 0x80000002)
T56A4 000:410.812 - 0.266ms returns 0
T56A4 000:410.847 JLINK_CORESIGHT_WriteAPDPReg(AP reg 0x01, 0x80011140)
T56A4 000:411.106 - 0.256ms returns 0
T56A4 000:411.149 JLINK_CORESIGHT_ReadAPDPReg(AP reg 0x03)
T56A4 000:411.471   Value=0x00000000
T56A4 000:411.500 - 0.350ms returns 0
T56A4 000:411.513 JLINK_CORESIGHT_WriteAPDPReg(AP reg 0x00, 0x80000002)
T56A4 000:411.747 - 0.234ms returns 0
T56A4 000:411.771 JLINK_CORESIGHT_WriteAPDPReg(AP reg 0x01, 0x80011130)
T56A4 000:412.014 - 0.243ms returns 0
T56A4 000:412.040 JLINK_CORESIGHT_ReadAPDPReg(AP reg 0x03)
T56A4 000:412.360   Value=0xB90A0081
T56A4 000:412.383 - 0.343ms returns 0
T56A4 000:412.394 JLINK_CORESIGHT_WriteAPDPReg(AP reg 0x00, 0x80000002)
T56A4 000:412.778 - 0.383ms returns 0
T56A4 000:412.802 JLINK_CORESIGHT_WriteAPDPReg(AP reg 0x01, 0x80011140)
T56A4 000:413.041 - 0.239ms returns 0
T56A4 000:413.067 JLINK_CORESIGHT_ReadAPDPReg(AP reg 0x03)
T56A4 000:413.366   Value=0x00000000
T56A4 000:413.391 - 0.324ms returns 0
T56A4 000:413.402 JLINK_CORESIGHT_WriteAPDPReg(AP reg 0x00, 0x80000002)
T56A4 000:413.699 - 0.297ms returns 0
T56A4 000:413.726 JLINK_CORESIGHT_WriteAPDPReg(AP reg 0x01, 0x80011130)
T56A4 000:414.029 - 0.303ms returns 0
T56A4 000:414.054 JLINK_CORESIGHT_ReadAPDPReg(AP reg 0x03)
T56A4 000:414.366   Value=0xFFFFFFC0
T56A4 000:414.391 - 0.337ms returns 0
T56A4 000:414.403 JLINK_CORESIGHT_WriteAPDPReg(AP reg 0x00, 0x80000002)
T56A4 000:414.785 - 0.381ms returns 0
T56A4 000:414.813 JLINK_CORESIGHT_WriteAPDPReg(AP reg 0x01, 0x80011140)
T56A4 000:415.067 - 0.253ms returns 0
T56A4 000:415.092 JLINK_CORESIGHT_ReadAPDPReg(AP reg 0x03)
T56A4 000:415.393   Value=0x00000000
T56A4 000:415.418 - 0.326ms returns 0
T56A4 000:415.430 JLINK_CORESIGHT_WriteAPDPReg(AP reg 0x00, 0x80000002)
T56A4 000:415.817 - 0.386ms returns 0
T56A4 000:415.854 JLINK_CORESIGHT_WriteAPDPReg(AP reg 0x01, 0x80011130)
T56A4 000:416.153 - 0.298ms returns 0
T56A4 000:416.188 JLINK_CORESIGHT_ReadAPDPReg(AP reg 0x03)
T56A4 000:416.501   Value=0xFFFFFFFF
T56A4 000:416.531 - 0.342ms returns 0
T56A4 000:416.552 JLINK_CORESIGHT_WriteAPDPReg(AP reg 0x00, 0x80000002)
T56A4 000:416.873 - 0.320ms returns 0
T56A4 000:416.910 JLINK_CORESIGHT_WriteAPDPReg(AP reg 0x01, 0x80011140)
T56A4 000:417.237 - 0.326ms returns 0
T56A4 000:417.275 JLINK_CORESIGHT_ReadAPDPReg(AP reg 0x03)
T56A4 000:417.595   Value=0x00000000
T56A4 000:417.621 - 0.346ms returns 0
T56A4 000:417.642 JLINK_CORESIGHT_WriteAPDPReg(AP reg 0x00, 0x80000002)
T56A4 000:417.956 - 0.312ms returns 0
T56A4 000:417.992 JLINK_CORESIGHT_WriteAPDPReg(AP reg 0x01, 0x80011130)
T56A4 000:418.359 - 0.366ms returns 0
T56A4 000:418.398 JLINK_CORESIGHT_ReadAPDPReg(AP reg 0x03)
T56A4 000:418.718   Value=0x000385FF
T56A4 000:418.744 - 0.345ms returns 0
T56A4 000:419.184 JLINK_CORESIGHT_WriteAPDPReg(AP reg 0x00, 0x80000002)
T56A4 000:419.496 - 0.311ms returns 0
T56A4 000:419.522 JLINK_CORESIGHT_WriteAPDPReg(AP reg 0x01, 0x80011140)
T56A4 000:419.862 - 0.339ms returns 0
T56A4 000:419.891 JLINK_CORESIGHT_ReadAPDPReg(AP reg 0x03)
T56A4 000:420.204   Value=0x00000002
T56A4 000:420.230 - 0.338ms returns 0
T56A4 000:420.242 JLINK_CORESIGHT_WriteAPDPReg(AP reg 0x00, 0x80000002)
T56A4 000:420.558 - 0.315ms returns 0
T56A4 000:420.584 JLINK_CORESIGHT_WriteAPDPReg(AP reg 0x01, 0x80011120)
T56A4 000:420.920 - 0.335ms returns 0
T56A4 000:420.948 JLINK_CORESIGHT_WriteAPDPReg(AP reg 0x03, 0x2C010001)
T56A4 000:421.256 - 0.307ms returns 0
T56A4 000:421.284 JLINK_CORESIGHT_WriteAPDPReg(AP reg 0x00, 0x80000002)
T56A4 000:421.707 - 0.422ms returns 0
T56A4 000:421.737 JLINK_CORESIGHT_WriteAPDPReg(AP reg 0x01, 0x80011140)
T56A4 000:422.111 - 0.374ms returns 0
T56A4 000:422.137 JLINK_CORESIGHT_ReadAPDPReg(AP reg 0x03)
T56A4 000:422.429   Value=0x00000002
T56A4 000:422.461 - 0.323ms returns 0
T56A4 000:422.474 JLINK_CORESIGHT_WriteAPDPReg(AP reg 0x00, 0x80000002)
T56A4 000:422.728 - 0.254ms returns 0
T56A4 000:422.755 JLINK_CORESIGHT_WriteAPDPReg(AP reg 0x01, 0x80011120)
T56A4 000:423.056 - 0.300ms returns 0
T56A4 000:423.083 JLINK_CORESIGHT_WriteAPDPReg(AP reg 0x03, 0x000003D3)
T56A4 000:423.339 - 0.255ms returns 0
T56A4 000:423.366 JLINK_CORESIGHT_WriteAPDPReg(AP reg 0x00, 0x80000002)
T56A4 000:423.741 - 0.315ms returns 0
T56A4 000:423.821 JLINK_CORESIGHT_WriteAPDPReg(AP reg 0x01, 0x80011140)
T56A4 000:424.635 - 0.815ms returns 0
T56A4 000:424.660 JLINK_CORESIGHT_ReadAPDPReg(AP reg 0x03)
T56A4 000:424.962   Value=0x00000002
T56A4 000:424.986 - 0.325ms returns 0
T56A4 000:424.998 JLINK_CORESIGHT_ReadAPDPReg(AP reg 0x03)
T56A4 000:425.379   Value=0x00000002
T56A4 000:425.408 - 0.410ms returns 0
T56A4 000:425.421 JLINK_CORESIGHT_ReadAPDPReg(AP reg 0x03)
T56A4 000:425.796   Value=0x00000002
T56A4 000:425.819 - 0.398ms returns 0
T56A4 000:425.831 JLINK_CORESIGHT_ReadAPDPReg(AP reg 0x03)
T56A4 000:426.197   Value=0x00000002
T56A4 000:426.220 - 0.388ms returns 0
T56A4 000:426.232 JLINK_CORESIGHT_ReadAPDPReg(AP reg 0x03)
T56A4 000:426.607   Value=0x00000002
T56A4 000:426.630 - 0.398ms returns 0
T56A4 000:426.642 JLINK_CORESIGHT_ReadAPDPReg(AP reg 0x03)
T56A4 000:427.016   Value=0x00000002
T56A4 000:427.047 - 0.405ms returns 0
T56A4 000:427.060 JLINK_CORESIGHT_ReadAPDPReg(AP reg 0x03)
T56A4 000:427.458   Value=0x00000000
T56A4 000:427.481 - 0.421ms returns 0
T56A4 000:427.493 JLINK_CORESIGHT_WriteAPDPReg(AP reg 0x00, 0x80000002)
T56A4 000:427.742 - 0.248ms returns 0
T56A4 000:427.768 JLINK_CORESIGHT_WriteAPDPReg(AP reg 0x01, 0x80011130)
T56A4 000:428.077 - 0.309ms returns 0
T56A4 000:428.112 JLINK_CORESIGHT_ReadAPDPReg(AP reg 0x03)
T56A4 000:428.418   Value=0x2C020081
T56A4 000:428.444 - 0.331ms returns 0
T56A4 000:428.456 JLINK_CORESIGHT_WriteAPDPReg(AP reg 0x00, 0x80000002)
T56A4 000:428.698 - 0.242ms returns 0
T56A4 000:428.725 JLINK_CORESIGHT_WriteAPDPReg(AP reg 0x01, 0x80011140)
T56A4 000:429.040 - 0.314ms returns 0
T56A4 000:429.066 JLINK_CORESIGHT_ReadAPDPReg(AP reg 0x03)
T56A4 000:429.382   Value=0x00000000
T56A4 000:429.406 - 0.340ms returns 0
T56A4 000:429.419 JLINK_CORESIGHT_WriteAPDPReg(AP reg 0x00, 0x80000002)
T56A4 000:429.732 - 0.313ms returns 0
T56A4 000:429.759 JLINK_CORESIGHT_WriteAPDPReg(AP reg 0x01, 0x80011130)
T56A4 000:430.059 - 0.300ms returns 0
T56A4 000:430.104 JLINK_CORESIGHT_ReadAPDPReg(AP reg 0x03)
T56A4 000:430.465   Value=0x0003CE04
T56A4 000:430.506 - 0.401ms returns 0
T56A4 000:430.531 JLINK_CORESIGHT_WriteAPDPReg(AP reg 0x00, 0x80000002)
T56A4 000:430.772 - 0.241ms returns 0
T56A4 000:430.789 JLINK_CORESIGHT_WriteAPDPReg(AP reg 0x01, 0x80011140)
T56A4 000:431.020 - 0.231ms returns 0
T56A4 000:431.039 JLINK_CORESIGHT_ReadAPDPReg(AP reg 0x03)
T56A4 000:431.405   Value=0x00000002
T56A4 000:431.443 - 0.403ms returns 0
T56A4 000:431.459 JLINK_CORESIGHT_WriteAPDPReg(AP reg 0x00, 0x80000002)
T56A4 000:431.700 - 0.241ms returns 0
T56A4 000:431.739 JLINK_CORESIGHT_WriteAPDPReg(AP reg 0x01, 0x80011120)
T56A4 000:431.974 - 0.235ms returns 0
T56A4 000:431.991 JLINK_CORESIGHT_WriteAPDPReg(AP reg 0x03, 0x73010001)
T56A4 000:432.232 - 0.240ms returns 0
T56A4 000:432.267 JLINK_CORESIGHT_WriteAPDPReg(AP reg 0x00, 0x80000002)
T56A4 000:432.466 - 0.199ms returns 0
T56A4 000:432.483 JLINK_CORESIGHT_WriteAPDPReg(AP reg 0x01, 0x80011140)
T56A4 000:432.722 - 0.238ms returns 0
T56A4 000:432.762 JLINK_CORESIGHT_ReadAPDPReg(AP reg 0x03)
T56A4 000:433.049   Value=0x00000002
T56A4 000:433.089 - 0.327ms returns 0
T56A4 000:433.102 JLINK_CORESIGHT_WriteAPDPReg(AP reg 0x00, 0x80000002)
T56A4 000:433.336 - 0.234ms returns 0
T56A4 000:433.368 JLINK_CORESIGHT_WriteAPDPReg(AP reg 0x01, 0x80011120)
T56A4 000:433.618 - 0.250ms returns 0
T56A4 000:433.648 JLINK_CORESIGHT_WriteAPDPReg(AP reg 0x03, 0x0000038C)
T56A4 000:433.895 - 0.247ms returns 0
T56A4 000:433.939 JLINK_CORESIGHT_WriteAPDPReg(AP reg 0x00, 0x80000002)
T56A4 000:434.258 - 0.319ms returns 0
T56A4 000:434.280 JLINK_CORESIGHT_WriteAPDPReg(AP reg 0x01, 0x80011140)
T56A4 000:434.524 - 0.243ms returns 0
T56A4 000:434.547 JLINK_CORESIGHT_ReadAPDPReg(AP reg 0x03)
T56A4 000:434.876   Value=0x00000000
T56A4 000:434.899 - 0.352ms returns 0
T56A4 000:434.910 JLINK_CORESIGHT_WriteAPDPReg(AP reg 0x00, 0x80000002)
T56A4 000:435.237 - 0.326ms returns 0
T56A4 000:435.263 JLINK_CORESIGHT_WriteAPDPReg(AP reg 0x01, 0x80011130)
T56A4 000:435.569 - 0.306ms returns 0
T56A4 000:435.592 JLINK_CORESIGHT_ReadAPDPReg(AP reg 0x03)
T56A4 000:435.896   Value=0x73020081
T56A4 000:435.920 - 0.327ms returns 0
T56A4 000:435.933 JLINK_CORESIGHT_WriteAPDPReg(AP reg 0x00, 0x80000002)
T56A4 000:436.231 - 0.298ms returns 0
T56A4 000:436.254 JLINK_CORESIGHT_WriteAPDPReg(AP reg 0x01, 0x80011140)
T56A4 000:436.556 - 0.301ms returns 0
T56A4 000:436.579 JLINK_CORESIGHT_ReadAPDPReg(AP reg 0x03)
T56A4 000:436.892   Value=0x00000000
T56A4 000:436.914 - 0.335ms returns 0
T56A4 000:436.925 JLINK_CORESIGHT_WriteAPDPReg(AP reg 0x00, 0x80000002)
T56A4 000:437.229 - 0.303ms returns 0
T56A4 000:437.252 JLINK_CORESIGHT_WriteAPDPReg(AP reg 0x01, 0x80011130)
T56A4 000:437.551 - 0.298ms returns 0
T56A4 000:437.574 JLINK_CORESIGHT_ReadAPDPReg(AP reg 0x03)
T56A4 000:437.874   Value=0x00038902
T56A4 000:437.898 - 0.323ms returns 0
T56A4 000:437.910 JLINK_CORESIGHT_WriteAPDPReg(AP reg 0x00, 0x80000002)
T56A4 000:438.245 - 0.335ms returns 0
T56A4 000:438.270 JLINK_CORESIGHT_WriteAPDPReg(AP reg 0x01, 0x80011140)
T56A4 000:438.656 - 0.386ms returns 0
T56A4 000:438.678 JLINK_CORESIGHT_ReadAPDPReg(AP reg 0x03)
T56A4 000:439.029   Value=0x00000002
T56A4 000:439.058 - 0.379ms returns 0
T56A4 000:439.069 JLINK_CORESIGHT_WriteAPDPReg(AP reg 0x00, 0x80000002)
T56A4 000:439.295 - 0.225ms returns 0
T56A4 000:439.328 JLINK_CORESIGHT_WriteAPDPReg(AP reg 0x01, 0x80011120)
T56A4 000:439.581 - 0.253ms returns 0
T56A4 000:439.597 JLINK_CORESIGHT_WriteAPDPReg(AP reg 0x03, 0x75010001)
T56A4 000:439.826 - 0.229ms returns 0
T56A4 000:439.848 JLINK_CORESIGHT_WriteAPDPReg(AP reg 0x00, 0x80000002)
T56A4 000:440.072 - 0.224ms returns 0
T56A4 000:440.094 JLINK_CORESIGHT_WriteAPDPReg(AP reg 0x01, 0x80011140)
T56A4 000:440.474 - 0.380ms returns 0
T56A4 000:440.497 JLINK_CORESIGHT_ReadAPDPReg(AP reg 0x03)
T56A4 000:440.803   Value=0x00000002
T56A4 000:440.826 - 0.329ms returns 0
T56A4 000:440.837 JLINK_CORESIGHT_WriteAPDPReg(AP reg 0x00, 0x80000002)
T56A4 000:441.137 - 0.299ms returns 0
T56A4 000:441.160 JLINK_CORESIGHT_WriteAPDPReg(AP reg 0x01, 0x80011120)
T56A4 000:441.517 - 0.357ms returns 0
T56A4 000:441.538 JLINK_CORESIGHT_WriteAPDPReg(AP reg 0x03, 0x0000038A)
T56A4 000:441.866 - 0.327ms returns 0
T56A4 000:441.890 JLINK_CORESIGHT_WriteAPDPReg(AP reg 0x00, 0x80000002)
T56A4 000:442.191 - 0.300ms returns 0
T56A4 000:442.226 JLINK_CORESIGHT_WriteAPDPReg(AP reg 0x01, 0x80011140)
T56A4 000:442.534 - 0.307ms returns 0
T56A4 000:442.558 JLINK_CORESIGHT_ReadAPDPReg(AP reg 0x03)
T56A4 000:442.847   Value=0x00000002
T56A4 000:442.869 - 0.311ms returns 0
T56A4 000:442.880 JLINK_CORESIGHT_ReadAPDPReg(AP reg 0x03)
T56A4 000:443.194   Value=0x00000002
T56A4 000:443.216 - 0.336ms returns 0
T56A4 000:443.226 JLINK_CORESIGHT_ReadAPDPReg(AP reg 0x03)
T56A4 000:443.521   Value=0x00000002
T56A4 000:443.544 - 0.318ms returns 0
T56A4 000:443.555 JLINK_CORESIGHT_ReadAPDPReg(AP reg 0x03)
T56A4 000:443.859   Value=0x00000002
T56A4 000:443.884 - 0.329ms returns 0
T56A4 000:443.895 JLINK_CORESIGHT_ReadAPDPReg(AP reg 0x03)
T56A4 000:445.452   Value=0x00000002
T56A4 000:445.497 - 1.602ms returns 0
T56A4 000:445.995 JLINK_CORESIGHT_ReadAPDPReg(AP reg 0x03)
T56A4 000:446.509   Value=0x00000002
T56A4 000:446.540 - 0.545ms returns 0
T56A4 000:446.554 JLINK_CORESIGHT_ReadAPDPReg(AP reg 0x03)
T56A4 000:446.963   Value=0x00000000
T56A4 000:446.986 - 0.431ms returns 0
T56A4 000:446.998 JLINK_CORESIGHT_WriteAPDPReg(AP reg 0x00, 0x80000002)
T56A4 000:447.312 - 0.313ms returns 0
T56A4 000:447.338 JLINK_CORESIGHT_WriteAPDPReg(AP reg 0x01, 0x80011130)
T56A4 000:447.596 - 0.257ms returns 0
T56A4 000:447.622 JLINK_CORESIGHT_ReadAPDPReg(AP reg 0x03)
T56A4 000:448.015   Value=0x75020081
T56A4 000:448.039 - 0.416ms returns 0
T56A4 000:448.051 JLINK_CORESIGHT_WriteAPDPReg(AP reg 0x00, 0x80000002)
T56A4 000:448.448 - 0.396ms returns 0
T56A4 000:448.474 JLINK_CORESIGHT_WriteAPDPReg(AP reg 0x01, 0x80011140)
T56A4 000:448.730 - 0.254ms returns 0
T56A4 000:448.757 JLINK_CORESIGHT_ReadAPDPReg(AP reg 0x03)
T56A4 000:449.065   Value=0x00000000
T56A4 000:449.091 - 0.334ms returns 0
T56A4 000:449.104 JLINK_CORESIGHT_WriteAPDPReg(AP reg 0x00, 0x80000002)
T56A4 000:449.360 - 0.255ms returns 0
T56A4 000:449.391 JLINK_CORESIGHT_WriteAPDPReg(AP reg 0x01, 0x80011130)
T56A4 000:449.702 - 0.310ms returns 0
T56A4 000:449.729 JLINK_CORESIGHT_ReadAPDPReg(AP reg 0x03)
T56A4 000:450.047   Value=0x00038702
T56A4 000:450.072 - 0.343ms returns 0
T56A4 000:450.093 JLINK_CORESIGHT_WriteAPDPReg(AP reg 0x00, 0x80000002)
T56A4 000:450.364 - 0.270ms returns 0
T56A4 000:450.392 JLINK_CORESIGHT_WriteAPDPReg(AP reg 0x01, 0x80011140)
T56A4 000:450.705 - 0.313ms returns 0
T56A4 000:450.733 JLINK_CORESIGHT_ReadAPDPReg(AP reg 0x03)
T56A4 000:451.046   Value=0x00000002
T56A4 000:451.071 - 0.338ms returns 0
T56A4 000:451.084 JLINK_CORESIGHT_WriteAPDPReg(AP reg 0x00, 0x80000002)
T56A4 000:451.460 - 0.375ms returns 0
T56A4 000:451.486 JLINK_CORESIGHT_WriteAPDPReg(AP reg 0x01, 0x80011120)
T56A4 000:451.749 - 0.262ms returns 0
T56A4 000:451.777 JLINK_CORESIGHT_WriteAPDPReg(AP reg 0x03, 0x4F010001)
T56A4 000:452.113 - 0.336ms returns 0
T56A4 000:452.143 JLINK_CORESIGHT_WriteAPDPReg(AP reg 0x00, 0x80000002)
T56A4 000:452.465 - 0.320ms returns 0
T56A4 000:452.497 JLINK_CORESIGHT_WriteAPDPReg(AP reg 0x01, 0x80011140)
T56A4 000:452.743 - 0.245ms returns 0
T56A4 000:452.771 JLINK_CORESIGHT_ReadAPDPReg(AP reg 0x03)
T56A4 000:453.084   Value=0x00000002
T56A4 000:453.112 - 0.340ms returns 0
T56A4 000:453.125 JLINK_CORESIGHT_WriteAPDPReg(AP reg 0x00, 0x80000002)
T56A4 000:453.372 - 0.247ms returns 0
T56A4 000:453.400 JLINK_CORESIGHT_WriteAPDPReg(AP reg 0x01, 0x80011120)
T56A4 000:453.710 - 0.309ms returns 0
T56A4 000:453.738 JLINK_CORESIGHT_WriteAPDPReg(AP reg 0x03, 0x000003B0)
T56A4 000:453.991 - 0.252ms returns 0
T56A4 000:454.019 JLINK_CORESIGHT_WriteAPDPReg(AP reg 0x00, 0x80000002)
T56A4 000:454.307 - 0.288ms returns 0
T56A4 000:454.424 JLINK_CORESIGHT_WriteAPDPReg(AP reg 0x01, 0x80011140)
T56A4 000:454.730 - 0.307ms returns 0
T56A4 000:454.760 JLINK_CORESIGHT_ReadAPDPReg(AP reg 0x03)
T56A4 000:455.059   Value=0x00000002
T56A4 000:455.088 - 0.327ms returns 0
T56A4 000:455.103 JLINK_CORESIGHT_ReadAPDPReg(AP reg 0x03)
T56A4 000:455.494   Value=0x00000002
T56A4 000:455.519 - 0.415ms returns 0
T56A4 000:455.532 JLINK_CORESIGHT_ReadAPDPReg(AP reg 0x03)
T56A4 000:455.869   Value=0x00000002
T56A4 000:455.897 - 0.365ms returns 0
T56A4 000:455.909 JLINK_CORESIGHT_ReadAPDPReg(AP reg 0x03)
T56A4 000:456.263   Value=0x00000002
T56A4 000:456.291 - 0.381ms returns 0
T56A4 000:456.303 JLINK_CORESIGHT_ReadAPDPReg(AP reg 0x03)
T56A4 000:456.631   Value=0x00000002
T56A4 000:456.656 - 0.353ms returns 0
T56A4 000:456.668 JLINK_CORESIGHT_ReadAPDPReg(AP reg 0x03)
T56A4 000:456.937   Value=0x00000002
T56A4 000:456.961 - 0.293ms returns 0
T56A4 000:456.973 JLINK_CORESIGHT_ReadAPDPReg(AP reg 0x03)
T56A4 000:457.356   Value=0x00000002
T56A4 000:457.380 - 0.406ms returns 0
T56A4 000:457.392 JLINK_CORESIGHT_ReadAPDPReg(AP reg 0x03)
T56A4 000:457.746   Value=0x00000002
T56A4 000:457.772 - 0.380ms returns 0
T56A4 000:457.784 JLINK_CORESIGHT_ReadAPDPReg(AP reg 0x03)
T56A4 000:458.091   Value=0x00000002
T56A4 000:458.117 - 0.333ms returns 0
T56A4 000:458.129 JLINK_CORESIGHT_ReadAPDPReg(AP reg 0x03)
T56A4 000:458.445   Value=0x00000002
T56A4 000:458.471 - 0.341ms returns 0
T56A4 000:458.483 JLINK_CORESIGHT_ReadAPDPReg(AP reg 0x03)
T56A4 000:458.743   Value=0x00000000
T56A4 000:458.768 - 0.285ms returns 0
T56A4 000:458.781 JLINK_CORESIGHT_WriteAPDPReg(AP reg 0x00, 0x80000002)
T56A4 000:459.102 - 0.320ms returns 0
T56A4 000:459.129 JLINK_CORESIGHT_WriteAPDPReg(AP reg 0x01, 0x80011130)
T56A4 000:459.400 - 0.270ms returns 0
T56A4 000:459.426 JLINK_CORESIGHT_ReadAPDPReg(AP reg 0x03)
T56A4 000:459.741   Value=0x4F0B0081
T56A4 000:459.768 - 0.341ms returns 0
T56A4 000:459.780 JLINK_CORESIGHT_WriteAPDPReg(AP reg 0x00, 0x80000002)
T56A4 000:460.039 - 0.258ms returns 0
T56A4 000:460.066 JLINK_CORESIGHT_WriteAPDPReg(AP reg 0x01, 0x80011140)
T56A4 000:460.340 - 0.273ms returns 0
T56A4 000:460.368 JLINK_CORESIGHT_ReadAPDPReg(AP reg 0x03)
T56A4 000:460.641   Value=0x00000000
T56A4 000:460.666 - 0.298ms returns 0
T56A4 000:460.684 JLINK_CORESIGHT_WriteAPDPReg(AP reg 0x00, 0x80000002)
T56A4 000:461.009 - 0.325ms returns 0
T56A4 000:461.039 JLINK_CORESIGHT_WriteAPDPReg(AP reg 0x01, 0x80011130)
T56A4 000:461.342 - 0.303ms returns 0
T56A4 000:461.370 JLINK_CORESIGHT_ReadAPDPReg(AP reg 0x03)
T56A4 000:461.648   Value=0x20010000
T56A4 000:461.673 - 0.302ms returns 0
T56A4 000:461.685 JLINK_CORESIGHT_WriteAPDPReg(AP reg 0x00, 0x80000002)
T56A4 000:461.999 - 0.313ms returns 0
T56A4 000:462.029 JLINK_CORESIGHT_WriteAPDPReg(AP reg 0x01, 0x80011140)
T56A4 000:462.331 - 0.302ms returns 0
T56A4 000:462.359 JLINK_CORESIGHT_ReadAPDPReg(AP reg 0x03)
T56A4 000:462.666   Value=0x00000000
T56A4 000:462.692 - 0.333ms returns 0
T56A4 000:462.705 JLINK_CORESIGHT_WriteAPDPReg(AP reg 0x00, 0x80000002)
T56A4 000:462.947 - 0.241ms returns 0
T56A4 000:462.975 JLINK_CORESIGHT_WriteAPDPReg(AP reg 0x01, 0x80011130)
T56A4 000:463.226 - 0.250ms returns 0
T56A4 000:463.253 JLINK_CORESIGHT_ReadAPDPReg(AP reg 0x03)
T56A4 000:463.654   Value=0x00000000
T56A4 000:463.682 - 0.429ms returns 0
T56A4 000:463.694 JLINK_CORESIGHT_WriteAPDPReg(AP reg 0x00, 0x80000002)
T56A4 000:463.942 - 0.246ms returns 0
T56A4 000:463.969 JLINK_CORESIGHT_WriteAPDPReg(AP reg 0x01, 0x80011140)
T56A4 000:464.282 - 0.313ms returns 0
T56A4 000:464.310 JLINK_CORESIGHT_ReadAPDPReg(AP reg 0x03)
T56A4 000:464.622   Value=0x00000000
T56A4 000:464.649 - 0.338ms returns 0
T56A4 000:464.662 JLINK_CORESIGHT_WriteAPDPReg(AP reg 0x00, 0x80000002)
T56A4 000:464.990 - 0.327ms returns 0
T56A4 000:465.019 JLINK_CORESIGHT_WriteAPDPReg(AP reg 0x01, 0x80011130)
T56A4 000:465.315 - 0.296ms returns 0
T56A4 000:465.343 JLINK_CORESIGHT_ReadAPDPReg(AP reg 0x03)
T56A4 000:465.754   Value=0x03850000
T56A4 000:465.779 - 0.436ms returns 0
T56A4 000:465.904 JLINK_CORESIGHT_ReadAPDPReg(DP reg 0x01)
T56A4 000:466.195   Value=0xF0000F40
T56A4 000:466.219 - 0.316ms returns 0
T56A4 000:466.231 JLINK_CORESIGHT_WriteAPDPReg(DP reg 0x01, 0xA0000F40)
T56A4 000:466.473 - 0.240ms returns 0
T56A4 000:466.500 JLINK_CORESIGHT_ReadAPDPReg(DP reg 0x01)
T56A4 000:466.809   Value=0x00000F40
T56A4 000:466.836 - 0.336ms returns 0
T56A4 000:466.848 JLINK_ClrRESET()
T56A4 000:467.214 - 0.365ms 
T56A4 000:571.624 JLINK_Close()
T56A4 000:584.584 - 12.960ms
T56A4 000:584.699   
T56A4 000:584.718   Closed
